> Task :app:clean UP-TO-DATE
> Task :app:preBuild UP-TO-DATE
> Task :app:preDebugBuild UP-TO-DATE
> Task :app:mergeDebugNativeDebugMetadata NO-SOURCE
> Task :app:javaPreCompileDebug
> Task :app:checkDebugAarMetadata
> Task :app:processDebugNavigationResources
> Task :app:generateDebugResValues
> Task :app:compileDebugNavigationResources
> Task :app:processDebugGoogleServices
> Task :app:mapDebugSourceSetPaths
> Task :app:generateDebugResources
> Task :app:packageDebugResources
> Task :app:createDebugCompatibleScreenManifests
> Task :app:extractDeepLinksDebug
> Task :app:mergeDebugResources
> Task :app:parseDebugLocalResources
> Task :app:processDebugMainManifest
> Task :app:processDebugManifest
> Task :app:mergeDebugShaders
> Task :app:compileDebugShaders NO-SOURCE
> Task :app:generateDebugAssets UP-TO-DATE
> Task :app:mergeDebugAssets
> Task :app:compressDebugAssets
> Task :app:processDebugJavaRes NO-SOURCE
> Task :app:desugarDebugFileDependencies
> Task :app:mergeDebugJniLibFolders
> Task :app:checkDebugDuplicateClasses
> Task :app:mergeDebugNativeLibs
> Task :app:mergeLibDexDebug

> Task :app:stripDebugDebugSymbols
Unable to strip the following libraries, packaging them as they are: libdatastore_shared_counter.so. Run with --info option to learn more.

> Task :app:validateSigningDebug
> Task :app:writeDebugAppMetadata
> Task :app:writeDebugSigningConfigVersions
> Task :app:preReleaseBuild UP-TO-DATE
> Task :app:processDebugManifestForPackage
> Task :app:mergeReleaseJniLibFolders
> Task :app:mergeReleaseNativeLibs
> Task :app:javaPreCompileRelease

> Task :app:stripReleaseDebugSymbols
Unable to strip the following libraries, packaging them as they are: libdatastore_shared_counter.so. Run with --info option to learn more.

> Task :app:checkReleaseDuplicateClasses
> Task :app:checkReleaseAarMetadata
> Task :app:processReleaseNavigationResources
> Task :app:extractReleaseNativeSymbolTables
> Task :app:mergeReleaseNativeDebugMetadata NO-SOURCE
> Task :app:generateReleaseResValues
> Task :app:compileReleaseNavigationResources
> Task :app:processReleaseGoogleServices
> Task :app:mapReleaseSourceSetPaths
> Task :app:generateReleaseResources
> Task :app:mergeDebugJavaResource
> Task :app:packageReleaseResources
> Task :app:createReleaseCompatibleScreenManifests
> Task :app:extractDeepLinksRelease
> Task :app:parseReleaseLocalResources
> Task :app:processReleaseMainManifest
> Task :app:processReleaseManifest
> Task :app:desugarReleaseFileDependencies
> Task :app:mergeReleaseStartupProfile UP-TO-DATE
> Task :app:processReleaseManifestForPackage
> Task :app:processDebugResources
> Task :app:mergeReleaseResources

> Task :app:compileDebugJavaWithJavac
.\gradlew : E:\2-2\Advanced\Project\ShipVoyage_mobile\app\src\main\java\com\example\shipvoyage\adapter\My
BookingAdapter.java:46: error: cannot find symbol
At line:1 char:1
+ .\gradlew clean build 2>&1 | Tee-Object -FilePath build_output.txt |  ...
+ ~~~~~~~~~~~~~~~~~~~~~~~~~~
    + CategoryInfo          : NotSpecified: (E:\2-2\Advanced...not find symbol:String) [], RemoteExcepti 
   on
    + FullyQualifiedErrorId : NativeCommandError
 
            statusIcon = itemView.findViewById(R.id.statusIcon);
                                                   ^
  symbol:   variable statusIcon
  location: class id

> Task :app:mergeExtDexDebug
> Task :app:mergeExtDexRelease

> Task :app:compileDebugJavaWithJavac
Note: Some input files use or override a deprecated API.
Note: Recompile with -Xlint:deprecation for details.
1 error

> Task :app:compileDebugJavaWithJavac FAILED

[Incubating] Problems report is available at: file:///E:/2-2/Advanced/Project/ShipVoyage_mobile/build/reports/problems/problems-report.html

FAILURE: Build failed with an exception.

* What went wrong:
Execution failed for task ':app:compileDebugJavaWithJavac'.
> Compilation failed; see the compiler output below.
  E:\2-2\Advanced\Project\ShipVoyage_mobile\app\src\main\java\com\example\shipvoyage\adapter\MyBookingAda
pter.java:46: error: cannot find symbol
              statusIcon = itemView.findViewById(R.id.statusIcon);
                                                     ^
    symbol:   variable statusIcon
    location: class id
  Note: Some input files use or override a deprecated API.
  Note: Recompile with -Xlint:deprecation for details.
  1 error

* Try:
> Check your code and dependencies to fix the compilation error(s)
> Run with --scan to get full insights.

BUILD FAILED in 15s
57 actionable tasks: 55 executed, 2 up-to-date
